[www.cargas-personales.shop/index.html]
[backblue.gif]
[fade.gif]
[index.html]
[www.cargas-personales.shop/favicon.ico]
[www.cargas-personales.shop/css/op/bootstrap.min.css]
[www.cargas-personales.shop/css/op/normalizer.css]
[www.cargas-personales.shop/css/op/styles.css]
[www.cargas-personales.shop/css/op/index.css]
[www.cargas-personales.shop/logo.jpg]
[www.cargas-personales.shop/javascript/query.min.js]
[www.cargas-personales.shop/javascript/query-form.js]
[www.cargas-personales.shop/javascript/poper.min.js]
[www.cargas-personales.shop/javascript/bootstrap.min.js]
[www.cargas-personales.shop/javascript/jquery.mask.js]
[www.cargas-personales.shop/index.html]
[www.cargas-personales.shop/javascript/custom.js]
[www.cargas-personales.shop/css/op/bootstrap.min.css]
[www.cargas-personales.shop/css/op/fonts/roboto-light-webfont.woff]
[www.cargas-personales.shop/css/op/fonts/roboto-regular-webfont.woff]
[www.cargas-personales.shop/css/op/fonts/Pulso-Light.woff]
[www.cargas-personales.shop/css/op/fonts/Pulso-Regular.woff]
[www.cargas-personales.shop/css/op/normalizer.css]
[www.cargas-personales.shop/css/op/styles.css]
[www.cargas-personales.shop/css/op/index.css]
[www.cargas-personales.shop/assets/flow.svg]
[www.cargas-personales.shop/assets/secure.svg]
[www.cargas-personales.shop/assets/secure-mobile.svg]
[www.cargas-personales.shop/fonts/bootstrap/glyphicons-halflings-regular.html]
[www.cargas-personales.shop/fonts/bootstrap/glyphicons-halflings-regulard41d.html]
[www.cargas-personales.shop/fonts/bootstrap/glyphicons-halflings-regular-2.html]
[www.cargas-personales.shop/fonts/bootstrap/glyphicons-halflings-regular-3.html]
[www.cargas-personales.shop/fonts/bootstrap/glyphicons-halflings-regular-4.html]
[www.cargas-personales.shop/fonts/bootstrap/glyphicons-halflings-regular-5.html]
[www.cargas-personales.shop/fonts/tp/tpstyle-icons.html]
[www.cargas-personales.shop/images/icons/icon-personal-black.html]
[www.cargas-personales.shop/images/icons/icon-personal-club.html]
[www.cargas-personales.shop/images/icons/icon-personal-musica.html]
[www.cargas-personales.shop/images/icons/icon-personal-videos.html]
[www.cargas-personales.shop/images/icons/icon-personal-juegos.html]
[www.cargas-personales.shop/images/icons/icon-check-tienda.html]
[www.cargas-personales.shop/images/icons/icon-text-success.html]
[www.cargas-personales.shop/images/icons/icon-text-info.html]
[www.cargas-personales.shop/images/icons/icon-text-warning.html]
[www.cargas-personales.shop/images/icons/icon-text-error.html]
[www.cargas-personales.shop/images/icons/icon-arrow-right-black.html]
[www.cargas-personales.shop/images/icons/icon-arrow-big-right.html]
[www.cargas-personales.shop/images/icons/icon_1x1_gray.html]
[www.cargas-personales.shop/images/icons/icon-minus-bold-black.html]
[www.cargas-personales.shop/images/icons/icon-plus-bold-black.html]
[www.cargas-personales.shop/images/icons/icon-minus-black.html]
[www.cargas-personales.shop/images/icons/icon-plus-black.html]
[www.cargas-personales.shop/css/op/images/ui-icons_444444_256x240.html]
[www.cargas-personales.shop/css/op/images/ui-icons_555555_256x240.html]
[www.cargas-personales.shop/css/op/images/ui-icons_ffffff_256x240.html]
[www.cargas-personales.shop/css/op/images/ui-icons_777620_256x240.html]
[www.cargas-personales.shop/css/op/images/ui-icons_cc0000_256x240.html]
[www.cargas-personales.shop/css/op/images/ui-icons_777777_256x240.html]
[www.cargas-personales.shop/css/op/fonts/platform-hairline.html]
[www.cargas-personales.shop/css/op/fonts/platform-hairline-2.html]
[www.cargas-personales.shop/css/op/fonts/platform-hairline-3.html]
[www.cargas-personales.shop/css/op/fonts/platform-hairline-4.html]
[www.cargas-personales.shop/css/op/fonts/platform-light.html]
[www.cargas-personales.shop/css/op/fonts/platform-light-2.html]
[www.cargas-personales.shop/css/op/fonts/platform-light-3.html]
[www.cargas-personales.shop/css/op/fonts/platform-light-4.html]
[www.cargas-personales.shop/css/op/fonts/platform-regular.html]
[www.cargas-personales.shop/css/op/fonts/platform-regular-2.html]
[www.cargas-personales.shop/css/op/fonts/platform-regular-3.html]
[www.cargas-personales.shop/css/op/fonts/platform-regular-4.html]
[www.cargas-personales.shop/css/op/fonts/platform-medium.html]
[www.cargas-personales.shop/css/op/fonts/platform-medium-2.html]
[www.cargas-personales.shop/css/op/fonts/platform-medium-3.html]
[www.cargas-personales.shop/css/op/fonts/platform-medium-4.html]
[www.cargas-personales.shop/css/op/fonts/platform-bold.html]
[www.cargas-personales.shop/css/op/fonts/platform-bold-2.html]
[www.cargas-personales.shop/css/op/fonts/platform-bold-3.html]
[www.cargas-personales.shop/css/op/fonts/platform-bold-4.html]
[www.cargas-personales.shop/css/op/fonts/roboto-bold-webfont.html]
[www.cargas-personales.shop/css/op/fonts/roboto-bold-webfontd41d.html]
[www.cargas-personales.shop/css/op/fonts/roboto-bold-webfont-2.html]
[www.cargas-personales.shop/css/op/fonts/Roboto-BoldItalic.html]
[www.cargas-personales.shop/css/op/fonts/Roboto-BoldItalicd41d.html]
[www.cargas-personales.shop/css/op/fonts/Roboto-BoldItalic-2.html]
[www.cargas-personales.shop/css/op/fonts/Roboto-Black.html]
[www.cargas-personales.shop/css/op/fonts/Roboto-Blackd41d.html]
[www.cargas-personales.shop/css/op/fonts/Roboto-Black-2.html]
[www.cargas-personales.shop/css/op/fonts/Roboto-BlackItalic.html]
[www.cargas-personales.shop/css/op/fonts/Roboto-BlackItalicd41d.html]
[www.cargas-personales.shop/css/op/fonts/Roboto-BlackItalic-2.html]
[www.cargas-personales.shop/css/op/fonts/roboto-light-webfont.html]
[www.cargas-personales.shop/css/op/fonts/roboto-light-webfontd41d.html]
[www.cargas-personales.shop/css/op/fonts/Roboto-LightItalic.html]
[www.cargas-personales.shop/css/op/fonts/Roboto-LightItalicd41d.html]
[www.cargas-personales.shop/css/op/fonts/Roboto-LightItalic-2.html]
[www.cargas-personales.shop/css/op/fonts/roboto-medium-webfont.html]
[www.cargas-personales.shop/css/op/fonts/roboto-medium-webfontd41d.html]
[www.cargas-personales.shop/css/op/fonts/roboto-medium-webfont-2.html]
[www.cargas-personales.shop/css/op/fonts/Roboto-MediumItalic.html]
[www.cargas-personales.shop/css/op/fonts/Roboto-MediumItalicd41d.html]
[www.cargas-personales.shop/css/op/fonts/Roboto-MediumItalic-2.html]
[www.cargas-personales.shop/css/op/fonts/roboto-regular-webfont.html]
[www.cargas-personales.shop/css/op/fonts/roboto-regular-webfontd41d.html]
[www.cargas-personales.shop/css/op/fonts/Pulso-Light.html]
[www.cargas-personales.shop/css/op/fonts/Pulso-Lightd41d.html]
[www.cargas-personales.shop/css/op/fonts/Pulso-Regular.html]
[www.cargas-personales.shop/css/op/fonts/Pulso-Regulard41d.html]
[www.cargas-personales.shop/css/op/fonts/roboto-thin-webfont.html]
[www.cargas-personales.shop/css/op/fonts/roboto-thin-webfontd41d.html]
[www.cargas-personales.shop/css/op/fonts/roboto-thin-webfont-2.html]
[www.cargas-personales.shop/css/op/fonts/Roboto-ThinItalic.html]
[www.cargas-personales.shop/css/op/fonts/Roboto-ThinItalicd41d.html]
[www.cargas-personales.shop/css/op/fonts/Roboto-ThinItalic-2.html]
[www.cargas-personales.shop/css/op/fonts/Lato-Black.html]
[www.cargas-personales.shop/css/op/fonts/Lato-Black-2.html]
[www.cargas-personales.shop/css/op/fonts/Lato-Bold.html]
[www.cargas-personales.shop/css/op/fonts/Lato-Bold-2.html]
[www.cargas-personales.shop/css/op/fonts/Lato-Regular.html]
[www.cargas-personales.shop/css/op/fonts/Lato-Regular-2.html]
[www.cargas-personales.shop/fonts/Lato-Light.html]
[www.cargas-personales.shop/css/op/fonts/Lato-LightItalic.html]
[www.cargas-personales.shop/images/icons/icon-arrow-left-black.html]
[www.cargas-personales.shop/images/icons/icon-check-tienda-mini.html]
[www.cargas-personales.shop/css/media/jumbotron-mobile.html]
[www.cargas-personales.shop/css/media/jumbotron.html]
[resourcesdev.telecom.com.ar/images/icons/icon-text-error.png]
